/home/gra_rohan/Rohan/tasks/shift-icd-dense-stage_20260906T052644Z_116205f7/work/.venv/lib/python3.12/site-packages/transformers/utils/hub.py:111: FutureWarning: Using `TRANSFORMERS_CACHE` is deprecated and will be removed in v5 of Transformers. Use `HF_HOME` instead.
  warnings.warn(
Xet Storage is enabled for this repo, but the 'hf_xet' package is not installed. Falling back to regular HTTP download. For better performance, install the package with: `pip install huggingface_hub[hf_xet]` or `pip install hf_xet`
{
  "SapBERT": {
    "n": 1457,
    "P_ORDINARY_ANSWERABLE_n": 1348,
    "P_COMPLEX_n": 67,
    "Hit@1": 0.6023738872403561,
    "ChoiceListRecall@1": 0.10634328358208955,
    "CompleteScenarioRetrieval@1": 0,
    "Hit@5": 0.7818991097922848,
    "ChoiceListRecall@5": 0.263681592039801,
    "CompleteScenarioRetrieval@5": 0,
    "Hit@10": 0.8308605341246291,
    "ChoiceListRecall@10": 0.3383084577114428,
    "CompleteScenarioRetrieval@10": 0.014925373134328358,
    "Hit@25": 0.8820474777448071,
    "ChoiceListRecall@25": 0.4154228855721393,
    "CompleteScenarioRetrieval@25": 0.1044776119402985,
    "Hit@50": 0.9072700296735905,
    "ChoiceListRecall@50": 0.5143034825870647,
    "CompleteScenarioRetrieval@50": 0.14925373134328357,
    "Hit@100": 0.9339762611275965,
    "ChoiceListRecall@100": 0.5628109452736318,
    "CompleteScenarioRetrieval@100": 0.208955223880597,
    "MRR": 0.6815500034267062
  }
}
/home/gra_rohan/Rohan/tasks/shift-icd-dense-stage_20260906T052644Z_116205f7/work/.venv/lib/python3.12/site-packages/transformers/utils/hub.py:111: FutureWarning: Using `TRANSFORMERS_CACHE` is deprecated and will be removed in v5 of Transformers. Use `HF_HOME` instead.
  warnings.warn(
Xet Storage is enabled for this repo, but the 'hf_xet' package is not installed. Falling back to regular HTTP download. For better performance, install the package with: `pip install huggingface_hub[hf_xet]` or `pip install hf_xet`

Batches:   0%|          | 0/2241 [00:00<?, ?it/s]
Batches:   0%|          | 1/2241 [00:00<06:16,  5.96it/s]
Batches:   0%|          | 11/2241 [00:00<00:45, 48.65it/s]
Batches:   1%|          | 22/2241 [00:00<00:31, 70.99it/s]
Batches:   2%|▏         | 34/2241 [00:00<00:25, 85.73it/s]
Batches:   2%|▏         | 46/2241 [00:00<00:23, 94.97it/s]
Batches:   3%|▎         | 58/2241 [00:00<00:21, 100.92it/s]
Batches:   3%|▎         | 69/2241 [00:00<00:21, 102.69it/s]
Batches:   4%|▎         | 81/2241 [00:00<00:20, 105.69it/s]
Batches:   4%|▍         | 93/2241 [00:01<00:19, 108.08it/s]
Batches:   5%|▍         | 105/2241 [00:01<00:19, 108.89it/s]
Batches:   5%|▌         | 117/2241 [00:01<00:19, 109.77it/s]
Batches:   6%|▌         | 129/2241 [00:01<00:19, 110.52it/s]
Batches:   6%|▋         | 141/2241 [00:01<00:19, 109.77it/s]
Batches:   7%|▋         | 153/2241 [00:01<00:18, 111.37it/s]
Batches:   7%|▋         | 165/2241 [00:01<00:18, 112.37it/s]
Batches:   8%|▊         | 177/2241 [00:01<00:18, 112.81it/s]
Batches:   8%|▊         | 189/2241 [00:01<00:18, 112.45it/s]
Batches:   9%|▉         | 201/2241 [00:01<00:18, 112.98it/s]
Batches:  10%|▉         | 213/2241 [00:02<00:18, 112.59it/s]
Batches:  10%|█         | 225/2241 [00:02<00:17, 112.70it/s]
Batches:  11%|█         | 237/2241 [00:02<00:17, 112.89it/s]
Batches:  11%|█         | 249/2241 [00:02<00:17, 113.79it/s]
Batches:  12%|█▏        | 261/2241 [00:02<00:17, 114.69it/s]
Batches:  12%|█▏        | 273/2241 [00:02<00:17, 114.78it/s]
Batches:  13%|█▎        | 285/2241 [00:02<00:17, 114.99it/s]
Batches:  13%|█▎        | 297/2241 [00:02<00:16, 114.39it/s]
Batches:  14%|█▍        | 309/2241 [00:02<00:16, 115.08it/s]
Batches:  14%|█▍        | 321/2241 [00:03<00:16, 115.95it/s]
Batches:  15%|█▍        | 333/2241 [00:03<00:16, 115.89it/s]
Batches:  15%|█▌        | 345/2241 [00:03<00:16, 115.68it/s]
Batches:  16%|█▌        | 357/2241 [00:03<00:16, 116.54it/s]
Batches:  17%|█▋        | 370/2241 [00:03<00:15, 117.76it/s]
Batches:  17%|█▋        | 382/2241 [00:03<00:15, 117.89it/s]
Batches:  18%|█▊        | 394/2241 [00:03<00:15, 118.16it/s]
Batches:  18%|█▊        | 406/2241 [00:03<00:15, 118.56it/s]
Batches:  19%|█▊        | 418/2241 [00:03<00:15, 118.36it/s]
Batches:  19%|█▉        | 431/2241 [00:03<00:15, 118.80it/s]
Batches:  20%|█▉        | 444/2241 [00:04<00:15, 119.22it/s]
Batches:  20%|██        | 457/2241 [00:04<00:14, 119.78it/s]
Batches:  21%|██        | 470/2241 [00:04<00:14, 120.78it/s]
Batches:  22%|██▏       | 483/2241 [00:04<00:14, 120.15it/s]
Batches:  22%|██▏       | 496/2241 [00:04<00:14, 121.28it/s]
Batches:  23%|██▎       | 509/2241 [00:04<00:14, 121.33it/s]
Batches:  23%|██▎       | 522/2241 [00:04<00:14, 121.01it/s]
Batches:  24%|██▍       | 535/2241 [00:04<00:14, 120.43it/s]
Batches:  24%|██▍       | 548/2241 [00:04<00:14, 120.21it/s]
Batches:  25%|██▌       | 561/2241 [00:05<00:13, 121.58it/s]
Batches:  26%|██▌       | 574/2241 [00:05<00:13, 121.50it/s]
Batches:  26%|██▌       | 587/2241 [00:05<00:13, 121.87it/s]
Batches:  27%|██▋       | 600/2241 [00:05<00:13, 123.01it/s]
Batches:  27%|██▋       | 613/2241 [00:05<00:13, 123.23it/s]
Batches:  28%|██▊       | 626/2241 [00:05<00:13, 123.35it/s]
Batches:  29%|██▊       | 639/2241 [00:05<00:12, 123.50it/s]
Batches:  29%|██▉       | 652/2241 [00:05<00:12, 124.11it/s]
Batches:  30%|██▉       | 665/2241 [00:05<00:12, 124.57it/s]
Batches:  30%|███       | 678/2241 [00:05<00:12, 125.19it/s]
Batches:  31%|███       | 691/2241 [00:06<00:12, 124.84it/s]
Batches:  31%|███▏      | 704/2241 [00:06<00:12, 126.20it/s]
Batches:  32%|███▏      | 717/2241 [00:06<00:12, 125.72it/s]
Batches:  33%|███▎      | 730/2241 [00:06<00:12, 124.52it/s]
Batches:  33%|███▎      | 743/2241 [00:06<00:12, 124.83it/s]
Batches:  34%|███▎      | 756/2241 [00:06<00:11, 125.21it/s]
Batches:  34%|███▍      | 769/2241 [00:06<00:11, 125.60it/s]
Batches:  35%|███▍      | 782/2241 [00:06<00:11, 126.64it/s]
Batches:  36%|███▌      | 796/2241 [00:06<00:11, 129.30it/s]
Batches:  36%|███▌      | 810/2241 [00:06<00:10, 130.65it/s]
Batches:  37%|███▋      | 824/2241 [00:07<00:10, 132.09it/s]
Batches:  37%|███▋      | 838/2241 [00:07<00:10, 133.27it/s]
Batches:  38%|███▊      | 852/2241 [00:07<00:10, 133.99it/s]
Batches:  39%|███▊      | 866/2241 [00:07<00:10, 132.87it/s]
Batches:  39%|███▉      | 880/2241 [00:07<00:10, 133.40it/s]
Batches:  40%|███▉      | 894/2241 [00:07<00:10, 133.31it/s]
Batches:  41%|████      | 908/2241 [00:07<00:10, 132.90it/s]
Batches:  41%|████      | 922/2241 [00:07<00:09, 134.15it/s]
Batches:  42%|████▏     | 936/2241 [00:07<00:09, 135.12it/s]
Batches:  42%|████▏     | 950/2241 [00:08<00:09, 135.62it/s]
Batches:  43%|████▎     | 964/2241 [00:08<00:09, 136.01it/s]
Batches:  44%|████▎     | 979/2241 [00:08<00:09, 137.59it/s]
Batches:  44%|████▍     | 993/2241 [00:08<00:09, 136.89it/s]
Batches:  45%|████▍     | 1008/2241 [00:08<00:08, 137.72it/s]
Batches:  46%|████▌     | 1023/2241 [00:08<00:08, 139.02it/s]
Batches:  46%|████▋     | 1038/2241 [00:08<00:08, 139.38it/s]
Batches:  47%|████▋     | 1053/2241 [00:08<00:08, 141.86it/s]
Batches:  48%|████▊     | 1068/2241 [00:08<00:08, 142.82it/s]
Batches:  48%|████▊     | 1083/2241 [00:08<00:08, 142.50it/s]
Batches:  49%|████▉     | 1098/2241 [00:09<00:08, 140.80it/s]
Batches:  50%|████▉     | 1113/2241 [00:09<00:07, 141.87it/s]
Batches:  50%|█████     | 1128/2241 [00:09<00:07, 143.34it/s]
Batches:  51%|█████     | 1143/2241 [00:09<00:07, 141.88it/s]
Batches:  52%|█████▏    | 1158/2241 [00:09<00:07, 144.13it/s]
Batches:  52%|█████▏    | 1173/2241 [00:09<00:07, 145.48it/s]
Batches:  53%|█████▎    | 1188/2241 [00:09<00:07, 145.08it/s]
Batches:  54%|█████▎    | 1203/2241 [00:09<00:07, 144.89it/s]
Batches:  54%|█████▍    | 1218/2241 [00:09<00:06, 146.37it/s]
Batches:  55%|█████▌    | 1233/2241 [00:10<00:06, 146.16it/s]
Batches:  56%|█████▌    | 1249/2241 [00:10<00:06, 147.63it/s]
Batches:  56%|█████▋    | 1265/2241 [00:10<00:06, 148.39it/s]
Batches:  57%|█████▋    | 1281/2241 [00:10<00:06, 149.07it/s]
Batches:  58%|█████▊    | 1297/2241 [00:10<00:06, 150.45it/s]
Batches:  59%|█████▊    | 1313/2241 [00:10<00:06, 150.42it/s]
Batches:  59%|█████▉    | 1329/2241 [00:10<00:06, 151.30it/s]
Batches:  60%|██████    | 1345/2241 [00:10<00:05, 151.57it/s]
Batches:  61%|██████    | 1361/2241 [00:10<00:05, 150.75it/s]
Batches:  61%|██████▏   | 1377/2241 [00:10<00:05, 151.42it/s]
Batches:  62%|██████▏   | 1393/2241 [00:11<00:05, 152.35it/s]
Batches:  63%|██████▎   | 1409/2241 [00:11<00:05, 152.47it/s]
Batches:  64%|██████▎   | 1425/2241 [00:11<00:05, 151.87it/s]
Batches:  64%|██████▍   | 1441/2241 [00:11<00:05, 152.18it/s]
Batches:  65%|██████▌   | 1457/2241 [00:11<00:05, 153.15it/s]
Batches:  66%|██████▌   | 1473/2241 [00:11<00:04, 154.35it/s]
Batches:  66%|██████▋   | 1489/2241 [00:11<00:04, 154.15it/s]
Batches:  67%|██████▋   | 1505/2241 [00:11<00:04, 155.28it/s]
Batches:  68%|██████▊   | 1521/2241 [00:11<00:04, 156.04it/s]
Batches:  69%|██████▊   | 1537/2241 [00:11<00:04, 156.26it/s]
Batches:  69%|██████▉   | 1553/2241 [00:12<00:04, 155.32it/s]
Batches:  70%|███████   | 1570/2241 [00:12<00:04, 157.33it/s]
Batches:  71%|███████   | 1586/2241 [00:12<00:04, 157.82it/s]
Batches:  71%|███████▏  | 1602/2241 [00:12<00:04, 158.02it/s]
Batches:  72%|███████▏  | 1618/2241 [00:12<00:03, 158.53it/s]
Batches:  73%|███████▎  | 1635/2241 [00:12<00:03, 159.95it/s]
Batches:  74%|███████▎  | 1652/2241 [00:12<00:03, 160.34it/s]
Batches:  74%|███████▍  | 1669/2241 [00:12<00:03, 161.64it/s]
Batches:  75%|███████▌  | 1686/2241 [00:12<00:03, 161.53it/s]
Batches:  76%|███████▌  | 1703/2241 [00:13<00:03, 161.80it/s]
Batches:  77%|███████▋  | 1720/2241 [00:13<00:03, 161.54it/s]
Batches:  78%|███████▊  | 1737/2241 [00:13<00:03, 161.60it/s]
Batches:  78%|███████▊  | 1754/2241 [00:13<00:02, 163.23it/s]
Batches:  79%|███████▉  | 1771/2241 [00:13<00:02, 164.81it/s]
Batches:  80%|███████▉  | 1788/2241 [00:13<00:02, 165.01it/s]
Batches:  81%|████████  | 1805/2241 [00:13<00:02, 166.26it/s]
Batches:  81%|████████▏ | 1822/2241 [00:13<00:02, 166.98it/s]
Batches:  82%|████████▏ | 1840/2241 [00:13<00:02, 167.90it/s]
Batches:  83%|████████▎ | 1858/2241 [00:13<00:02, 168.88it/s]
Batches:  84%|████████▎ | 1876/2241 [00:14<00:02, 170.56it/s]
Batches:  85%|████████▍ | 1894/2241 [00:14<00:02, 172.80it/s]
Batches:  85%|████████▌ | 1912/2241 [00:14<00:01, 172.17it/s]
Batches:  86%|████████▌ | 1930/2241 [00:14<00:01, 173.49it/s]
Batches:  87%|████████▋ | 1948/2241 [00:14<00:01, 175.06it/s]
Batches:  88%|████████▊ | 1967/2241 [00:14<00:01, 178.90it/s]
Batches:  89%|████████▊ | 1986/2241 [00:14<00:01, 179.76it/s]
Batches:  89%|████████▉ | 2005/2241 [00:14<00:01, 181.29it/s]
Batches:  90%|█████████ | 2025/2241 [00:14<00:01, 184.69it/s]
Batches:  91%|█████████▏| 2045/2241 [00:14<00:01, 187.25it/s]
Batches:  92%|█████████▏| 2065/2241 [00:15<00:00, 189.49it/s]
Batches:  93%|█████████▎| 2085/2241 [00:15<00:00, 191.08it/s]
Batches:  94%|█████████▍| 2105/2241 [00:15<00:00, 192.64it/s]
Batches:  95%|█████████▍| 2125/2241 [00:15<00:00, 193.75it/s]
Batches:  96%|█████████▌| 2145/2241 [00:15<00:00, 195.50it/s]
Batches:  97%|█████████▋| 2166/2241 [00:15<00:00, 197.04it/s]
Batches:  98%|█████████▊| 2186/2241 [00:15<00:00, 196.98it/s]
Batches:  98%|█████████▊| 2207/2241 [00:15<00:00, 200.42it/s]
Batches:  99%|█████████▉| 2229/2241 [00:15<00:00, 204.70it/s]
Batches: 100%|██████████| 2241/2241 [00:15<00:00, 140.40it/s]

Batches:   0%|          | 0/456 [00:00<?, ?it/s]
Batches:   2%|▏         | 10/456 [00:00<00:04, 94.57it/s]
Batches:   5%|▍         | 22/456 [00:00<00:04, 104.37it/s]
Batches:   7%|▋         | 34/456 [00:00<00:03, 107.35it/s]
Batches:  10%|█         | 46/456 [00:00<00:03, 110.09it/s]
Batches:  13%|█▎        | 59/456 [00:00<00:03, 114.08it/s]
Batches:  16%|█▌        | 72/456 [00:00<00:03, 117.45it/s]
Batches:  19%|█▊        | 85/456 [00:00<00:03, 119.63it/s]
Batches:  22%|██▏       | 99/456 [00:00<00:02, 123.61it/s]
Batches:  25%|██▍       | 113/456 [00:00<00:02, 125.70it/s]
Batches:  28%|██▊       | 127/456 [00:01<00:02, 128.59it/s]
Batches:  31%|███       | 142/456 [00:01<00:02, 132.21it/s]
Batches:  34%|███▍      | 157/456 [00:01<00:02, 136.83it/s]
Batches:  38%|███▊      | 173/456 [00:01<00:01, 142.18it/s]
Batches:  41%|████▏     | 189/456 [00:01<00:01, 146.52it/s]
Batches:  45%|████▌     | 206/456 [00:01<00:01, 150.65it/s]
Batches:  49%|████▉     | 223/456 [00:01<00:01, 153.56it/s]
Batches:  53%|█████▎    | 240/456 [00:01<00:01, 158.15it/s]
Batches:  56%|█████▋    | 257/456 [00:01<00:01, 160.87it/s]
Batches:  60%|██████    | 275/456 [00:01<00:01, 166.07it/s]
Batches:  64%|██████▍   | 294/456 [00:02<00:00, 170.97it/s]
Batches:  69%|██████▉   | 314/456 [00:02<00:00, 177.23it/s]
Batches:  73%|███████▎  | 334/456 [00:02<00:00, 183.14it/s]
Batches:  78%|███████▊  | 354/456 [00:02<00:00, 186.64it/s]
Batches:  82%|████████▏ | 374/456 [00:02<00:00, 188.72it/s]
Batches:  87%|████████▋ | 395/456 [00:02<00:00, 194.08it/s]
Batches:  91%|█████████ | 416/456 [00:02<00:00, 196.84it/s]
Batches:  96%|█████████▌| 438/456 [00:02<00:00, 203.57it/s]
Batches: 100%|██████████| 456/456 [00:02<00:00, 157.60it/s]

Batches:   0%|          | 0/46 [00:00<?, ?it/s]
Batches:  26%|██▌       | 12/46 [00:00<00:00, 119.43it/s]
Batches:  61%|██████    | 28/46 [00:00<00:00, 141.87it/s]
Batches: 100%|██████████| 46/46 [00:00<00:00, 157.42it/s]
{
  "BioLORD-2023": {
    "n": 1457,
    "P_ORDINARY_ANSWERABLE_n": 1348,
    "P_COMPLEX_n": 67,
    "Hit@1": 0.6350148367952523,
    "ChoiceListRecall@1": 0.07462686567164178,
    "CompleteScenarioRetrieval@1": 0,
    "Hit@5": 0.8234421364985163,
    "ChoiceListRecall@5": 0.2574626865671642,
    "CompleteScenarioRetrieval@5": 0.029850746268656716,
    "Hit@10": 0.8731454005934718,
    "ChoiceListRecall@10": 0.3358208955223881,
    "CompleteScenarioRetrieval@10": 0.04477611940298507,
    "Hit@25": 0.9161721068249258,
    "ChoiceListRecall@25": 0.4993781094527363,
    "CompleteScenarioRetrieval@25": 0.14925373134328357,
    "Hit@50": 0.9421364985163204,
    "ChoiceListRecall@50": 0.5839552238805971,
    "CompleteScenarioRetrieval@50": 0.26865671641791045,
    "Hit@100": 0.9629080118694362,
    "ChoiceListRecall@100": 0.6809701492537313,
    "CompleteScenarioRetrieval@100": 0.3880597014925373,
    "MRR": 0.7206024778289042
  }
}
